
> debt-management-app@1.0.0 test
> jest

node.exe : PASS tests/unit/utils/apiResponse.test.ts (6.295 s)
At line:1 char:1
+ & "C:\Program Files\nodejs/node.exe" "C:\Users\catsy\AppData\Roaming\ ...
+ ~~~~~~~~~~~~~~~~~~~~~~~~~~~~~~~~~~~~~~~~~~~~~~~~~~~~~~~~~~~~~~~~~~~~~
    + CategoryInfo          : NotSpecified: (PASS tests/unit...st.ts (6.295 s):String) [], RemoteException
    + FullyQualifiedErrorId : NativeCommandError
 
  ApiResponse
    success
      ÔłÜ should create a successful response with default values (48 ms)
      ÔłÜ should create a successful response with custom values (2 ms)
      ÔłÜ should include timestamp in ISO format (2 ms)
    created
      ÔłÜ should create a 201 response
      ÔłÜ should allow custom message (1 ms)
    successPaginated
      ÔłÜ should create a paginated response with correct pagination metadata (1 ms)
      ÔłÜ should calculate pagination correctly for last page
      ÔłÜ should calculate pagination correctly for single page (1 ms)
    error
      ÔłÜ should create an error response (1 ms)
      ÔłÜ should include error details when provided
      ÔłÜ should include path when provided (1 ms)
    validationError
      ÔłÜ should create a validation error response (1 ms)
      ÔłÜ should allow custom message (1 ms)
    notFound
      ÔłÜ should create a 404 not found response
      ÔłÜ should use default resource name (23 ms)
    unauthorized
      ÔłÜ should create a 401 unauthorized response (2 ms)
      ÔłÜ should allow custom message
    forbidden
      ÔłÜ should create a 403 forbidden response (1 ms)
    conflict
      ÔłÜ should create a 409 conflict response (1 ms)
      ÔłÜ should include details (2 ms)
    internalServerError
      ÔłÜ should create a 500 internal server error response (1 ms)
      ÔłÜ should allow custom message

PASS tests/unit/middleware/requestLogger.test.ts
  requestLogger
    ÔłÜ should log successful requests (4 ms)
    ÔłÜ should log client errors (4xx) (1 ms)
    ÔłÜ should log server errors (5xx) (1 ms)
    ÔłÜ should include request duration (45 ms)
    ÔłÜ should include user agent (1 ms)
    ÔłÜ should include IP address (1 ms)
    ÔłÜ should include user ID if available (1 ms)
    ÔłÜ should call next function
    ÔłÜ should preserve original send functionality (1 ms)
  detailedRequestLogger
    ÔłÜ should log detailed request info in development (1 ms)
    ÔłÜ should redact authorization header (1 ms)
    ÔłÜ should not log in production
    ÔłÜ should call next function
    ÔłÜ should handle empty body (1 ms)

PASS tests/unit/middleware/errorHandler.test.ts (6.783 s)
  ApiError
    ÔłÜ should create an ApiError with all properties (51 ms)
    ÔłÜ should be instanceof Error
  errorHandler
    ÔłÜ should handle ApiError correctly (93 ms)
    ÔłÜ should handle ValidationError (3 ms)
    ÔłÜ should handle JSON parsing errors (2 ms)
    ÔłÜ should handle generic errors with 500 status (4 ms)
    ÔłÜ should hide error details in production (2 ms)
    ÔłÜ should show error details in development (1 ms)
    ÔłÜ should log errors (1 ms)
  asyncHandler
    ÔłÜ should execute async function successfully (11 ms)
    ÔłÜ should catch errors from async function (19 ms)
    ÔłÜ should pass through errors to next middleware (12 ms)

PASS tests/unit/middleware/corsConfig.test.ts (8.205 s)
  getCorsOptions
    ÔłÜ should return CORS options object (23 ms)
    ÔłÜ should include required HTTP methods (17 ms)
    ÔłÜ should include required headers (23 ms)
    ÔłÜ should expose required headers (1 ms)
    ÔłÜ should allow credentials
    ÔłÜ should set maxAge to 24 hours (1 ms)
    origin handling
      ÔłÜ should allow requests with no origin (1 ms)
      ÔłÜ should allow all origins in development (1 ms)
      ÔłÜ should allow whitelisted origins in production
      ÔłÜ should reject non-whitelisted origins in production
      ÔłÜ should handle multiple origins from environment variable (1 ms)
  corsMiddleware
    ÔłÜ should return a middleware function
  preflightHandler
    ÔłÜ should set Access-Control-Allow-Origin header (2 ms)
    ÔłÜ should set Access-Control-Allow-Methods header (1 ms)
    ÔłÜ should set Access-Control-Allow-Headers header
    ÔłÜ should set Access-Control-Allow-Credentials header (1 ms)
    ÔłÜ should set Access-Control-Max-Age header (1 ms)
    ÔłÜ should send 200 status (2 ms)
    ÔłÜ should use wildcard origin if no origin header

PASS tests/unit/services/LoanService.test.ts (9.438 s)
  LoanService
    createLoan
      ÔłÜ should create a loan with valid data (26 ms)
      ÔłÜ should reject loan creation with amount <= 0 (40 ms)
      ÔłÜ should reject loan creation with negative amount (11 ms)
      ÔłÜ should reject loan creation without borrower name (5 ms)
      ÔłÜ should reject loan creation with whitespace-only borrower name (1 ms)
    editLoan
      ÔłÜ should edit loan with valid new amount (2 ms)
      ÔłÜ should reject edit with amount < paid portion (1 ms)
      ÔłÜ should reject edit with amount <= 0 (2 ms)
      ÔłÜ should reject edit if loan not found (1 ms)
      ÔłÜ should reject edit if user is not authorized
    deleteLoan
      ÔłÜ should delete loan with confirmation (1 ms)
      ÔłÜ should reject delete if loan not found (1 ms)
      ÔłÜ should reject delete if user is not authorized (1 ms)
    getLoanById
      ÔłÜ should get loan by ID (1 ms)
      ÔłÜ should reject if loan not found
      ÔłÜ should reject if user is not authorized
    getLoansByUser
      ÔłÜ should get loans with pagination (1 ms)
    updateLoanBalance
      ÔłÜ should update loan balance (1 ms)
      ÔłÜ should mark loan as paid when balance reaches 0 (1 ms)
      ÔłÜ should reject update with negative balance

PASS tests/properties/loans.properties.test.ts (9.794 s)
  Loan Properties
    Property 4: Loan Amount Invariant
      ÔłÜ should ensure currentBalance <= originalAmount for all loans (41 ms)
      ÔłÜ should maintain invariant after payment (10 ms)
      ÔłÜ should never allow currentBalance to exceed originalAmount (2 ms)
    Property 6: Unique Identifier Assignment
      ÔłÜ should assign unique IDs to each new loan (6 ms)
      ÔłÜ should generate IDs that are non-empty strings (12 ms)
      ÔłÜ should generate IDs that follow UUID format (8 ms)
    Property 7: Status Consistency
      ÔłÜ should set status to ACTIVE for new loans (5 ms)
      ÔłÜ should set status to PAID when balance reaches 0 (13 ms)
      ÔłÜ should maintain ACTIVE status when balance > 0 (12 ms)

FAIL tests/properties/payments.properties.test.ts (10.068 s)
  Payment Properties
    Property 1: Payment Amount Validation
      ÔłÜ should ensure payment > 0 AND payment <= balance for loans (23 ms)
      ÔłÜ should reject payment <= 0 for loans (21 ms)
      ├Ś should reject payment > balance for loans (21 ms)
    Property 2: Balance Update Correctness
      ÔłÜ should ensure newBalance = oldBalance - payment for loans (6 ms)
      ├Ś should update loan balance correctly after payment (1 ms)
    Property 3: Status Transition on Completion
      ├Ś should change status to PAID when balance = 0 for loans
      ├Ś should maintain ACTIVE status when balance > 0 for loans (1 ms)
    Property 5: Transaction History Completeness
      ÔłÜ should ensure sum(payments) = originalAmount - currentBalance (4 ms)
      ├Ś should record all transactions in history (1 ms)

  ÔŚĆ Payment Properties ÔÇ║ Property 1: Payment Amount Validation ÔÇ║ should reject payment > balance for loans

    expect(received).rejects.toThrow(expected)

    Expected substring: "Kwota sp┼éaty nie mo┼╝e przekracza─ç salda"
    Received message:   "Brak uprawnie┼ä do rejestrowania sp┼éaty dla tej po┼╝yczki"

        [0m [90m 41 |[39m     [90m// Check authorization[39m
         [90m 42 |[39m     [36mif[39m (loan[33m.[39muserId [33m!==[39m userId) {
        [31m[1m>[22m[39m[90m 43 |[39m       [36mthrow[39m [36mnew[39m [33mError[39m([32m'Brak uprawnie┼ä do 
rejestrowania sp┼éaty dla tej po┼╝yczki'[39m)[33m;[39m
         [90m    |[39m             [31m[1m^[22m[39m
         [90m 44 |[39m     }
         [90m 45 |[39m
         [90m 46 |[39m     [90m// Validate payment amount doesn't exceed balance[39m[0m

      at PaymentService.registerLoanPayment (src/services/PaymentService.ts:43:13)
      at Object.<anonymous> (tests/properties/payments.properties.test.ts:121:7)
      at Object.toThrow (node_modules/expect/build/index.js:218:22)
      at Object.<anonymous> (tests/properties/payments.properties.test.ts:123:17)

  ÔŚĆ Payment Properties ÔÇ║ Property 2: Balance Update Correctness ÔÇ║ should update loan balance correctly after paymen
t

    Brak uprawnie┼ä do rejestrowania sp┼éaty dla tej po┼╝yczki

    [0m [90m 41 |[39m     [90m// Check authorization[39m
     [90m 42 |[39m     [36mif[39m (loan[33m.[39muserId [33m!==[39m userId) {
    [31m[1m>[22m[39m[90m 43 |[39m       [36mthrow[39m [36mnew[39m [33mError[39m([32m'Brak uprawnie┼ä do reje
strowania sp┼éaty dla tej po┼╝yczki'[39m)[33m;[39m
     [90m    |[39m             [31m[1m^[22m[39m
     [90m 44 |[39m     }
     [90m 45 |[39m
     [90m 46 |[39m     [90m// Validate payment amount doesn't exceed balance[39m[0m

      at PaymentService.registerLoanPayment (src/services/PaymentService.ts:43:13)
      at Object.<anonymous> (tests/properties/payments.properties.test.ts:196:22)

  ÔŚĆ Payment Properties ÔÇ║ Property 3: Status Transition on Completion ÔÇ║ should change status to PAID when balance = 
0 for loans

    Brak uprawnie┼ä do rejestrowania sp┼éaty dla tej po┼╝yczki

    [0m [90m 41 |[39m     [90m// Check authorization[39m
     [90m 42 |[39m     [36mif[39m (loan[33m.[39muserId [33m!==[39m userId) {
    [31m[1m>[22m[39m[90m 43 |[39m       [36mthrow[39m [36mnew[39m [33mError[39m([32m'Brak uprawnie┼ä do reje
strowania sp┼éaty dla tej po┼╝yczki'[39m)[33m;[39m
     [90m    |[39m             [31m[1m^[22m[39m
     [90m 44 |[39m     }
     [90m 45 |[39m
     [90m 46 |[39m     [90m// Validate payment amount doesn't exceed balance[39m[0m

      at PaymentService.registerLoanPayment (src/services/PaymentService.ts:43:13)
      at Object.<anonymous> (tests/properties/payments.properties.test.ts:251:22)

  ÔŚĆ Payment Properties ÔÇ║ Property 3: Status Transition on Completion ÔÇ║ should maintain ACTIVE status when balance >
 0 for loans

    Brak uprawnie┼ä do rejestrowania sp┼éaty dla tej po┼╝yczki

    [0m [90m 41 |[39m     [90m// Check authorization[39m
     [90m 42 |[39m     [36mif[39m (loan[33m.[39muserId [33m!==[39m userId) {
    [31m[1m>[22m[39m[90m 43 |[39m       [36mthrow[39m [36mnew[39m [33mError[39m([32m'Brak uprawnie┼ä do reje
strowania sp┼éaty dla tej po┼╝yczki'[39m)[33m;[39m
     [90m    |[39m             [31m[1m^[22m[39m
     [90m 44 |[39m     }
     [90m 45 |[39m
     [90m 46 |[39m     [90m// Validate payment amount doesn't exceed balance[39m[0m

      at PaymentService.registerLoanPayment (src/services/PaymentService.ts:43:13)
      at Object.<anonymous> (tests/properties/payments.properties.test.ts:306:22)

  ÔŚĆ Payment Properties ÔÇ║ Property 5: Transaction History Completeness ÔÇ║ should record all transactions in history

    Brak uprawnie┼ä do dost─Öpu do historii transakcji dla tej po┼╝yczki

    [0m [90m 159 |[39m     [90m// Check authorization[39m
     [90m 160 |[39m     [36mif[39m (loan[33m.[39muserId [33m!==[39m userId) {
    [31m[1m>[22m[39m[90m 161 |[39m       [36mthrow[39m [36mnew[39m [33mError[39m([32m'Brak uprawnie┼ä do dos
t─Öpu do historii transakcji dla tej po┼╝yczki'[39m)[33m;[39m
     [90m     |[39m             [31m[1m^[22m[39m
     [90m 162 |[39m     }
     [90m 163 |[39m
     [90m 164 |[39m     [36mreturn[39m transactionRepository[33m.[39mfindByLoanId(loanId)[33m;[39m[0m

      at PaymentService.getLoanTransactionHistory (src/services/PaymentService.ts:161:13)
      at Object.<anonymous> (tests/properties/payments.properties.test.ts:398:22)

PASS tests/unit/services/ObligationService.test.ts (10.166 s)
  ObligationService
    createObligation
      ÔłÜ should create an obligation with valid data (15 ms)
      ÔłÜ should reject obligation creation with amount <= 0 (21 ms)
      ÔłÜ should reject obligation creation with negative amount (1 ms)
      ÔłÜ should reject obligation creation without creditor name (1 ms)
      ÔłÜ should reject obligation creation with whitespace-only creditor name (1 ms)
    editObligation
      ÔłÜ should edit obligation with valid new amount (2 ms)
      ÔłÜ should reject edit with amount <= 0 (2 ms)
      ÔłÜ should reject edit with amount < paid portion (1 ms)
      ÔłÜ should reject edit when unauthorized (2 ms)
      ÔłÜ should reject edit when obligation not found (2 ms)
    deleteObligation
      ÔłÜ should delete obligation with confirmation (1 ms)
      ÔłÜ should reject delete when unauthorized (1 ms)
      ÔłÜ should reject delete when obligation not found
    getObligationById
      ÔłÜ should get obligation by ID when authorized (1 ms)
      ÔłÜ should reject access when unauthorized (1 ms)
    getObligationsByUser
      ÔłÜ should get obligations with pagination
    markObligationAsPaid
      ÔłÜ should mark obligation as paid (2 ms)
    updateObligationBalance
      ÔłÜ should update balance and maintain ACTIVE status when balance > 0
      ÔłÜ should update balance to PAID when balance = 0
      ÔłÜ should reject update with negative balance (1 ms)

PASS tests/unit/services/PaymentService.test.ts (10.683 s)
  PaymentService
    registerLoanPayment
      ÔłÜ should register payment with valid amount (12 ms)
      ÔłÜ should reject payment with amount <= 0 (18 ms)
      ÔłÜ should reject payment exceeding balance (1 ms)
      ÔłÜ should update balance after payment (1 ms)
      ÔłÜ should change status to PAID when balance = 0 (2 ms)
      ÔłÜ should create transaction record (1 ms)
    registerObligationPayment
      ÔłÜ should register payment with valid amount (2 ms)
      ÔłÜ should change status to PAID when balance = 0
    getLoanTransactionHistory
      ÔłÜ should get transaction history for loan (1 ms)
    getObligationTransactionHistory
      ÔłÜ should get transaction history for obligation (1 ms)

PASS tests/properties/obligations.properties.test.ts (10.861 s)
  Obligation Properties
    Property 4: Obligation Amount Invariant
      ÔłÜ should ensure currentBalance <= originalAmount for all obligations (23 ms)
      ÔłÜ should maintain invariant after payment (9 ms)
      ÔłÜ should never allow currentBalance to exceed originalAmount (3 ms)
    Property 6: Unique Identifier Assignment
      ÔłÜ should assign unique IDs to each new obligation (5 ms)
      ÔłÜ should generate IDs that are non-empty strings (7 ms)
      ÔłÜ should generate IDs that follow UUID format (3 ms)
    Property 7: Status Consistency
      ÔłÜ should set status to ACTIVE for new obligations (2 ms)
      ÔłÜ should set status to PAID when balance reaches 0 (4 ms)
      ÔłÜ should maintain ACTIVE status when balance > 0 (5 ms)

PASS tests/unit/services/AuthService.test.ts (11.388 s)
  AuthService
    register
      ÔłÜ should register a new user with valid data (156 ms)
      ÔłÜ should reject registration with duplicate email (78 ms)
      ÔłÜ should reject registration with password shorter than 8 characters (3 ms)
      ÔłÜ should hash password with bcrypt (192 ms)
    login
      ÔłÜ should login user with valid credentials (126 ms)
      ÔłÜ should reject login with non-existent email (1 ms)
      ÔłÜ should reject login with incorrect password (128 ms)
      ÔłÜ should return valid JWT token on successful login (127 ms)
    validateToken
      ÔłÜ should validate a valid JWT token (130 ms)
      ÔłÜ should reject an invalid JWT token (3 ms)
    logout
      ÔłÜ should return success message on logout

PASS tests/properties/auth.properties.test.ts (12.089 s)
  Authentication Properties
    Property 6: Unique Identifier Assignment
      ÔłÜ should assign unique IDs to each new user (1172 ms)
      ÔłÜ should never assign the same ID to different users (249 ms)
      ÔłÜ should generate IDs that are non-empty strings (130 ms)
      ÔłÜ should generate IDs that follow UUID format (133 ms)
    Password Hashing Properties
      ÔłÜ should never store plain text passwords (133 ms)
      ÔłÜ should generate different hashes for the same password (246 ms)
    Token Generation Properties
      ÔłÜ should generate valid JWT tokens for all valid users (128 ms)

Test Suites: 1 failed, 11 passed, 12 total
Tests:       5 failed, 157 passed, 162 total
Snapshots:   0 total
Time:        14.237 s
Ran all test suites.
